// Jest Snapshot v1, https://goo.gl/fbAQLP

exports[`App renders should match snapshot 1`] = `
<div
  data-test="appComponent"
  style={
    Object {
      "height": "80vh",
    }
  }
>
  <Terminal
    extensions={
      Object {
        "clear": Object {
          "exec": [Function],
        },
        "rclone": Object {
          "exec": [Function],
        },
      }
    }
    history={
      Array [
        Object {
          "value": "Type \`help\` to begin",
        },
      ]
    }
    onClose={[Function]}
    onExpand={[Function]}
    onMinimize={[Function]}
    prefix="rclone@default"
    structure={Object {}}
    styles={Object {}}
    theme="dark"
  />
  <div
    className="StatusBar"
  >
    Ready
  </div>
</div>
`;
